========================================================================
RUN ID  : run_20260717_150213
STARTED : 2026-07-17T15:02:13
========================================================================
[FAILED      ]  37.7s  path=failed    conf=0.00  tokens=4157  ( 38.5/job)  Fairmont Hotels & Resorts
[FAILED      ]  25.0s  path=failed    conf=0.00  tokens=1264  ( 70.2/job)  TASEC Limited
[FAILED      ]  30.7s  path=failed    conf=0.00  tokens=9380  (2345.0/job)  Servenergy IT Consultancy
[FAILED      ]  50.7s  path=failed    conf=0.00  tokens=15138 (270.3/job)  Rhysley
[DONE        ]  59.2s  path=failed    conf=0.96  tokens=17715 (2952.5/job)  DigitoLogics

========================================================================
RUN SUMMARY
========================================================================
Finished    : 2026-07-17T15:06:16
Total time  : 243.5s (4.1 min)
Records     : 5

RESULTS BREAKDOWN
  Done         :   1  (20%)
  Non-Workable :   0  (0%)
  Not Fixable  :   0  (0%)
  SRP (auto)   :   0  (0%)

DETECTION PATH
  failed      :   5  (100%)

CONFIDENCE  (Done records only)
  Average     : 0.96
  Min / Max   : 0.96 / 0.96

SLOWEST 3 RECORDS
   59.2s  DigitoLogics  [Done]
   50.7s  Rhysley  [Failed]
   37.7s  Fairmont Hotels & Resorts  [Failed]
========================================================================
Log file: C:\Users\nipun.kumar\Projects\config\logs\run_20260717_150213.log
========================================================================

