========================================================================
RUN ID  : run_20260608_165953
STARTED : 2026-06-08T16:59:53
========================================================================
[NOT FIXABLE ] 311.5s  path=failed    conf=0.00  Cloudsmartz
[NOT FIXABLE ] 226.1s  path=failed    conf=0.00  Jeevan Technologies India Pvt. Ltd

========================================================================
RUN SUMMARY
========================================================================
Finished    : 2026-06-08T17:08:51
Total time  : 537.7s (9.0 min)
Records     : 2

RESULTS BREAKDOWN
  Done         :   0  (0%)
  Non-Workable :   0  (0%)
  Not Fixable  :   2  (100%)
  SRP (auto)   :   0  (0%)

DETECTION PATH
  failed      :   2  (100%)

CONFIDENCE  (Done records only)
  Average     : 0.00

SLOWEST 3 RECORDS
  311.5s  Cloudsmartz  [Not Fixable]
  226.1s  Jeevan Technologies India Pvt. Ltd  [Not Fixable]
========================================================================
Log file: C:\Users\nipun.kumar\Projects\config\logs\run_20260608_165953.log
========================================================================

