========================================================================
RUN ID  : run_20260616_111700
STARTED : 2026-06-16T11:17:00
========================================================================
[NOT FIXABLE ]  43.1s  path=failed    conf=0.00  Sapizon Technologies LLP
[NOT FIXABLE ] 175.8s  path=failed    conf=0.00  Edit one International
[NOT FIXABLE ]  92.9s  path=failed    conf=0.00  STRATLYTICS CONSULTING PRIVATE LIMITED
[NOT FIXABLE ] 177.7s  path=failed    conf=0.00  SuccessPro
[NOT FIXABLE ] 307.3s  path=failed    conf=0.00  White Horse Manpower Consultancy Private

========================================================================
RUN SUMMARY
========================================================================
Finished    : 2026-06-16T11:30:17
Total time  : 797.1s (13.3 min)
Records     : 5

RESULTS BREAKDOWN
  Done         :   0  (0%)
  Non-Workable :   0  (0%)
  Not Fixable  :   5  (100%)
  SRP (auto)   :   0  (0%)

DETECTION PATH
  failed      :   5  (100%)

CONFIDENCE  (Done records only)
  Average     : 0.00

SLOWEST 3 RECORDS
  307.3s  White Horse Manpower Consultancy Private Limi  [Not Fixable]
  177.7s  SuccessPro  [Not Fixable]
  175.8s  Edit one International  [Not Fixable]
========================================================================
Log file: C:\Users\nipun.kumar\Projects\config\logs\run_20260616_111700.log
========================================================================

