========================================================================
RUN ID  : run_20260604_164659
STARTED : 2026-06-04T16:46:59
========================================================================
[IN PROCESS  ]  55.1s  path=failed    conf=0.00  Cloudsmartz
[IN PROCESS  ]  54.8s  path=failed    conf=0.00  Jeevan Technologies India Pvt. Ltd

========================================================================
RUN SUMMARY
========================================================================
Finished    : 2026-06-04T16:48:49
Total time  : 110.2s (1.8 min)
Records     : 2

RESULTS BREAKDOWN
  Done         :   0  (0%)
  Non-Workable :   0  (0%)
  Not Fixable  :   0  (0%)
  SRP (auto)   :   0  (0%)

DETECTION PATH
  failed      :   2  (100%)

CONFIDENCE  (Done records only)
  Average     : 0.00

SLOWEST 3 RECORDS
   55.1s  Cloudsmartz  [In Process]
   54.8s  Jeevan Technologies India Pvt. Ltd  [In Process]
========================================================================
Log file: C:\Users\nipun.kumar\Projects\config\logs\run_20260604_164659.log
========================================================================

