========================================================================
RUN ID  : run_20260722_133321
STARTED : 2026-07-22T13:33:21
========================================================================
[NOT FIXABLE ]  43.1s  path=error     conf=0.00  tokens=22552 ( 69.4/job)  Godrej Industries
           ERROR: 'LOCRGXGenerator' object has no attribute '_fetch_raw_html'
[FAILED      ]  38.7s  path=failed    conf=0.00  tokens=3042  (1521.0/job)  Market Industry Reports
[DONE        ]  26.4s  path=failed    conf=0.87  tokens=5773  (1443.2/job)  Zitto Motors
[NOT FIXABLE ]  29.6s  path=error     conf=0.00  tokens=18240 (912.0/job)  Kerdos Infrasoft
           ERROR: 'LOCRGXGenerator' object has no attribute '_fetch_raw_html'
[NOT FIXABLE ]  28.1s  path=error     conf=0.00  tokens=19599 (4899.8/job)  1solutions
           ERROR: 'LOCRGXGenerator' object has no attribute '_fetch_raw_html'
[NOT FIXABLE ]  61.7s  path=error     conf=0.00  tokens=15348 (697.6/job)  Gamesa Technology Corporation
           ERROR: 'LOCRGXGenerator' object has no attribute '_fetch_raw_html'

========================================================================
RUN SUMMARY
========================================================================
Finished    : 2026-07-22T13:37:59
Total time  : 277.7s (4.6 min)
Records     : 6

RESULTS BREAKDOWN
  Done         :   1  (17%)
  Non-Workable :   0  (0%)
  Not Fixable  :   4  (67%)
  SRP (auto)   :   0  (0%)

DETECTION PATH
  error       :   4  (67%)
  failed      :   2  (33%)

CONFIDENCE  (Done records only)
  Average     : 0.87
  Min / Max   : 0.87 / 0.87

SLOWEST 3 RECORDS
   61.7s  Gamesa Technology Corporation  [Not Fixable]
   43.1s  Godrej Industries  [Not Fixable]
   38.7s  Market Industry Reports  [Failed]
========================================================================
Log file: C:\Users\nipun.kumar\Projects\config\logs\run_20260722_133321.log
========================================================================

