========================================================================
RUN ID  : run_20260701_170500
STARTED : 2026-07-01T17:05:00
========================================================================
[NOT FIXABLE ]  66.8s  path=failed    conf=0.00  XTRAGRAD
[NOT FIXABLE ]  39.0s  path=failed    conf=0.00  Mindstorm Digital Marketing Pvt. Ltd.
[NOT FIXABLE ]  39.5s  path=failed    conf=0.00  CodeNgine Technologies
[NOT FIXABLE ]  43.8s  path=failed    conf=0.00  AEROLENS INDIA PRIVATE LIMITED
[NOT FIXABLE ]  37.8s  path=failed    conf=0.00  Auxirem Technology Pvt. Ltd

========================================================================
RUN SUMMARY
========================================================================
Finished    : 2026-07-01T17:09:27
Total time  : 267.0s (4.5 min)
Records     : 5

RESULTS BREAKDOWN
  Done         :   0  (0%)
  Non-Workable :   0  (0%)
  Not Fixable  :   5  (100%)
  SRP (auto)   :   0  (0%)

DETECTION PATH
  failed      :   5  (100%)

CONFIDENCE  (Done records only)
  Average     : 0.00

SLOWEST 3 RECORDS
   66.8s  XTRAGRAD  [Not Fixable]
   43.8s  AEROLENS INDIA PRIVATE LIMITED  [Not Fixable]
   39.5s  CodeNgine Technologies  [Not Fixable]
========================================================================
Log file: C:\Users\nipun.kumar\Projects\config\logs\run_20260701_170500.log
========================================================================

